<?xml version='1.0' ?>
<map>
   <mapid target="n8ahelpEdit_Menu" url="n8ahelpedit_menu.htm" />
   <mapid target="n8ahelpTree_Structure_and_Hierarchical_" url="n8ahelpTree_Structure_and_Hierarchical_.htm" />
   <mapid target="n8ahelpToolbar" url="n8ahelpToolbar.htm" />
   <mapid target="n8ahelpOverview_of_the_Net8_Assistant_E" url="n8ahelpoverview_of_the_net8_assistant_e.htm" />
   <mapid target="n8ahelpNet8_Overview" url="n8ahelpnet8_overview.htm" />
   <mapid target="n8ahelpNet8_Entries_in_a_Directory" url="n8ahelpnet8_entries_in_a_directory.htm" />
   <mapid target="n8ahelpNet8_Connectivity_Overview" url="n8ahelpnet8_connectivity_overview.htm" />
   <mapid target="n8ahelpNet8_Configuration_Overview" url="n8ahelpnet8_configuration_overview.htm" />
   <mapid target="n8ahelpNet8_Assistant_Key_Features" url="n8ahelpnet8_assistant_key_features.htm" />
   <mapid target="n8ahelpFile_Menu" url="n8ahelpfile_menu.htm" />
   <mapid target="n8ahelpDirectory_Naming_Overview" url="n8ahelpdirectory_naming_overview.htm" />
   <mapid target="n8ahelpDatabase_Identification_by_Servi" url="n8ahelpdatabase_identification_by_servi.htm" />
   <mapid target="n8ahelpCommand_Menu" url="n8ahelpcommand_menu.htm" />
   <mapid target="n8ahelpHelp_Menu" url="n8ahelphelp_menu.htm" />
   <mapid target="n8mgr_welcome" url="n8ahelpwelcome_to_the_net8_assistant.htm" />
   <mapid target="n8ahelpCreate_a_Net_Service_Name" url="n8ahelpCreate_a_Net_Service_Name.htm" />
   <mapid target="n8ahelpConfigure_Advanced_Connect_Data_" url="n8ahelpConfigure_Advanced_Connect_Data_.htm" />
   <mapid target="n8ahelpConfigure_a_Connect_Descrdb" url="n8ahelpConfigure_a_Connect_Descrdb.htm" />
   <mapid target="n8ahelpConfigure_a_Connect_Descheterog" url="n8ahelpConfigure_a_Connect_Descheterog.htm" />
   <mapid target="n8ahelpConfigure_a_Connect_Desc00000029" url="n8ahelpconfigure_a_connect_desc00000029.htm" />
   <mapid target="n8ahelpConfigure_a_Connect_Desc00000028" url="n8ahelpConfigure_a_Connect_Desc00000028.htm" />
   <mapid target="n8ahelpChange_the_Oracle_Context" url="n8ahelpchange_the_oracle_context.htm" />
   <mapid target="n8ahelpConfigure_Multiple_Address_Optio" url="n8ahelpConfigure_Multiple_Address_Optio.htm" />
   <mapid target="n8ahelpCreate_Network_Route_Information" url="n8ahelpcreate_network_route_information.htm" />
   <mapid target="n8ahelpDirectory_Naming_Configuration_O" url="n8ahelpdirectory_naming_configuration_o.htm" />
   <mapid target="n8ahelpCreate_Additional_Protocol_Addre" url="n8ahelpcreate_additional_protocol_addre.htm" />
   <mapid target="nmhelp_create_an_alias" url="nmhelp_create_an_alias.htm" />
   <mapid target="n8ahelpTest_Connectivity" url="n8ahelptest_connectivity.htm" />
   <mapid target="n8ahelpSet_Authentication_Credentials" url="n8ahelpSet_Authentication_Credentials.htm" />
   <mapid target="n8ahelpExport_Oracle_Names_entries_to_D" url="n8ahelpexport_oracle_names_entries_to_d.htm" />
   <mapid target="n8ahelpDirectory_Naming_Requirements_fo" url="n8ahelpDirectory_Naming_Requirements_fo.htm" />
   <mapid target="n8ahelpProfile_Overview" url="n8ahelpProfile_Overview.htm" />
   <mapid target="n8ahelpConfigure_External_Procedures_fo" url="n8ahelpConfigure_External_Procedures_fo.htm" />
   <mapid target="n8ahelpRoute_Connection_Requests" url="n8ahelpRoute_Connection_Requests.htm" />
   <mapid target="n8ahelpPrioritize_Naming_Methods" url="n8ahelpPrioritize_Naming_Methods.htm" />
   <mapid target="n8ahelpLocal_Naming_Configuration_Overv" url="n8ahelplocal_naming_configuration_overv.htm" />
   <mapid target="n8ahelpLocal_Naming00000018" url="n8ahelplocal_naming00000018.htm" />
   <mapid target="n8ahelpExport_tnsnamesora_File_Entries_" url="n8ahelpexport_tnsnamesora_file_entries_.htm" />
   <mapid target="n8ahelpCreate_a_Listener" url="n8ahelpcreate_a_listener.htm" />
   <mapid target="n8ahelpconfigure_profile_logging_and_tr" url="n8ahelpconfigure_profile_logging_and_tr.htm" />
   <mapid target="n8ahelpConfigure_Listener_Addresses" url="n8ahelpconfigure_listener_addresses.htm" />
   <mapid target="n8ahelpStatically_Configure_Database_Se" url="n8ahelpstatically_configure_database_se.htm" />
   <mapid target="profile_external" url="n8ahelpconfigure_external_naming_method.htm" />
   <mapid target="n8ahelpConfigure_Heterogeneous_Services" url="n8ahelpConfigure_Heterogeneous_Services.htm" />
   <mapid target="n8ahelpConfigure_Default_Domains_for_Cl" url="n8ahelpconfigure_default_domains_for_cl.htm" />
   <mapid target="n8ahelpConfigure_Advanced_Profile_Infor" url="n8ahelpconfigure_advanced_profile_infor.htm" />
   <mapid target="listener_name" url="n8ahelpchoose_listener_name_dialog_box.htm" />
   <mapid target="n8ahelpAbout_Oracle_Advanced_Security" url="n8ahelpabout_oracle_advanced_security.htm" />
   <mapid target="profile_integrity" url="n8ahelpconfigure_integrity.htm" />
   <mapid target="n8ahelpTask_Overview" url="n8ahelpTask_Overview.htm" />
   <mapid target="n8ahelpCONNECTDATA" url="n8ahelpCONNECTDATA.htm" />
   <mapid target="n8ahelpconnect_data" url="n8ahelpconnect_data.htm" />
   <mapid target="n8ahelpConfigure_Password_Authe00000051" url="n8ahelpconfigure_password_authe00000051.htm" />
   <mapid target="n8ahelpConfigure_Oracle_Advance00000212" url="n8ahelpConfigure_Oracle_Advance00000212.htm" />
   <mapid target="n8ahelpConfigure_Listener_Logging_and_T" url="n8ahelpconfigure_listener_logging_and_t.htm" />
   <mapid target="n8ahelpConfigure_Encryption" url="n8ahelpconfigure_encryption.htm" />
   <mapid target="n8ahelpcmanora_file" url="n8ahelpcmanora_file.htm" />
   <mapid target="n8ahelpclient_load_balancing" url="n8ahelpclient_load_balancing.htm" />
   <mapid target="n8ahelpauthentication_method" url="n8ahelpauthentication_method.htm" />
   <mapid target="n8ahelpADDRESSLIST" url="n8ahelpaddresslist.htm" />
   <mapid target="n8ahelpADDRESS" url="n8ahelpaddress.htm" />
   <mapid target="n8ahelpConfigure_Oracle_Advance00000211" url="n8ahelpConfigure_Oracle_Advance00000211.htm" />
   <mapid target="n8ahelpconnect_string" url="n8ahelpconnect_string.htm" />
   <mapid target="n8ahelpDomain_Name_System_DNS" url="n8ahelpDomain_Name_System_DNS.htm" />
   <mapid target="n8ahelpdomain" url="n8ahelpdomain.htm" />
   <mapid target="n8ahelpdiscovery" url="n8ahelpdiscovery.htm" />
   <mapid target="n8ahelpdirectory_server" url="n8ahelpdirectory_server.htm" />
   <mapid target="n8ahelpdirectory_naming" url="n8ahelpdirectory_naming.htm" />
   <mapid target="n8ahelpDirectory_Information_Tree_DIT" url="n8ahelpDirectory_Information_Tree_DIT.htm" />
   <mapid target="n8ahelpdedicated_server" url="n8ahelpdedicated_server.htm" />
   <mapid target="n8ahelpdatabase_link" url="n8ahelpdatabase_link.htm" />
   <mapid target="n8ahelpconnection_load_balancing" url="n8ahelpconnection_load_balancing.htm" />
   <mapid target="n8ahelpconnect_identifier" url="n8ahelpconnect_identifier.htm" />
   <mapid target="n8ahelpconnect_descriptor" url="n8ahelpconnect_descriptor.htm" />
   <mapid target="n8ahelpDistinguished_Name_DN" url="n8ahelpDistinguished_Name_DN.htm" />
   <mapid target="n8ahelpconnecttime_failover" url="n8ahelpconnecttime_failover.htm" />
   <mapid target="n8ahelpencryption" url="n8ahelpencryption.htm" />
   <mapid target="n8ahelpexternal_naming" url="n8ahelpexternal_naming.htm" />
   <mapid target="n8ahelpintegrity" url="n8ahelpldapora_file.htm" />
   <mapid target="n8ahelpintegrity" url="n8ahelpIP_address.htm" />
   <mapid target="n8ahelpintegrity" url="n8ahelpintegrity.htm" />
   <mapid target="n8ahelpinstance_name" url="n8ahelpinstance_name.htm" />
   <mapid target="n8ahelpinitialization_parameter_file" url="n8ahelpinitialization_parameter_file.htm" />
   <mapid target="n8ahelphost_naming" url="n8ahelphost_naming.htm" />
   <mapid target="n8ahelpHeterogeneous_Services" url="n8ahelpHeterogeneous_Services.htm" />
   <mapid target="n8ahelpglobal_database_name" url="n8ahelpglobal_database_name.htm" />
   <mapid target="n8ahelpexternal_procedures" url="n8ahelpexternal_procedures.htm" />
   <mapid target="n8ahelplistener" url="n8ahelplistener.htm" />
   <mapid target="n8ahelpLightweight_Directory_Access_Pro" url="n8ahelpLightweight_Directory_Access_Pro.htm" />
   <mapid target="n8ahelpLSNRCTL_utility" url="n8ahelpLSNRCTL_utility.htm" />
   <mapid target="n8ahelplogging" url="n8ahelplogging.htm" />
   <mapid target="n8ahelplocal_naming00000153" url="n8ahelplocal_naming00000153.htm" />
   <mapid target="n8ahelpListener_Overview" url="n8ahelplistenerora_file.htm" />
   <mapid target="n8ahelplink_qualifier" url="n8ahelplink_qualifier.htm" />
   <mapid target="n8ahelpMicrosoft_Active_Directory" url="n8ahelpMicrosoft_Active_Directory.htm" />
   <mapid target="n8ahelpNaming_External" url="n8ahelpNaming_External.htm" />
   <mapid target="n8ahelpdirectory_naming_context" url="n8ahelpdirectory_naming_context.htm" />
   <mapid target="n8ahelpnaming_method" url="n8ahelpnaming_method.htm" />
   <mapid target="n8ahelpNet8_Configuration_Assistant" url="n8ahelpNet8_Configuration_Assistant.htm" />
   <mapid target="n8ahelpprofile" url="n8ahelpprofile.htm" />
   <mapid target="n8ahelpprotocol" url="n8ahelpprotocol.htm" />
   <mapid target="nmhelp_net_service_alias" url="nmhelp_net_service_alias.htm" />
   <mapid target="n8ahelpOracle_System_Identifier_SID" url="n8ahelpOracle_System_Identifier_SID.htm" />
   <mapid target="n8ahelpOracle_Rdb_database" url="n8ahelpOracle_Rdb_database.htm" />
   <mapid target="n8ahelpOracle_Internet_Directory" url="n8ahelpOracle_Internet_Directory.htm" />
   <mapid target="n8ahelpOracle_Connection_Manager" url="n8ahelpOracle_Context.htm" />
   <mapid target="n8ahelpOracle_Connection_Manager" url="n8ahelpOracle_Connection_Manager.htm" />
   <mapid target="profile_authentication" url="n8ahelpOracle_Advanced_Security_Authent.htm" />
   <mapid target="n8ahelpNetwork_Information_Service_NIS" url="n8ahelpNetwork_Information_Service_NIS.htm" />
   <mapid target="n8ahelpnet_service_name" url="n8ahelpnet_service_name.htm" />
   <mapid target="n8ahelpservice_registration" url="n8ahelpservice_registration.htm" />
   <mapid target="n8ahelptimetolive_TTL" url="n8ahelptimetolive_ttl.htm" />
   <mapid target="n8ahelpSSL_authentication_method" url="n8ahelpSSL_authentication_method.htm" />
   <mapid target="n8ahelpsqlnetora_file" url="n8ahelpsqlnetora_file.htm" />
   <mapid target="n8ahelpsource_routing" url="n8ahelpsource_routing.htm" />
   <mapid target="n8ahelpsingle_signon" url="n8ahelpsingle_signon.htm" />
   <mapid target="n8ahelpsession_data_unit_SDU" url="n8ahelpsession_data_unit_SDU.htm" />
   <mapid target="n8ahelpservice_name" url="n8ahelpservice_name.htm" />
   <mapid target="n8ahelpservice_handler" url="n8ahelpservice_handler.htm" />
   <mapid target="n8ahelpschema" url="n8ahelpschema.htm" />
   <mapid target="n8ahelpRelative_Distinguished_Name_RDN" url="n8ahelprelative_distinguished_name_rdn.htm" />
   <mapid target="n8ahelpregion_database" url="n8ahelpregion_database.htm" />
   <mapid target="n8ahelprecord_type" url="n8ahelprecord_type.htm" />
   <mapid target="n8ahelpprotocol_parameters" url="n8ahelpprotocol_parameters.htm" />
   <mapid target="n8ahelpshared_server" url="n8ahelpshared_server.htm" />
   <mapid target="n8ahelpprotocol_address" url="n8ahelpprotocol_address.htm" />
   <mapid target="n8ahelpWindows_NT_native_authentication" url="n8ahelpWindows_NT_native_authentication.htm" />
   <mapid target="n8ahelptracing" url="n8ahelptracing.htm" />
   <mapid target="n8ahelpChoose_New_Context_dialog_box" url="n8ahelpChoose_New_Context_dialog_box.htm" />
   <mapid target="n8ahelptnsnamesora_file" url="n8ahelptnsnamesora_file.htm" />
   <mapid target="n8ahelpRequired" url="n8ahelpRequired.htm" />
   <mapid target="n8ahelpRequested" url="n8ahelpRequested.htm" />
   <mapid target="n8ahelpRADIUS" url="n8ahelpRADIUS.htm" />
   <mapid target="profile_encryption" url="n8ahelpOracle_Advanced_Security_Encrypt.htm" />
   <mapid target="n8ahelpOracle_Advanced_Security" url="n8ahelpOracle_Advanced_Security.htm" />
   <mapid target="profile_methods" url="n8ahelpNaming_Methods.htm" />
   <mapid target="n8ahelpintegrity" url="n8ahelpKERBEROSv5.htm" />
   <mapid target="n8ahelpCyberSafe" url="n8ahelpCyberSafe.htm" />
   <mapid target="advanced_service_op" url="n8ahelpadvanced_service_options_dialog_.htm" />
   <mapid target="address_options" url="n8ahelpAddress_List_Options_dialog_box.htm" />
   <mapid target="n8ahelpAccepted" url="n8ahelpaccepted.htm" />
   <mapid target="profile_advanced" url="n8ahelpGeneral_Advanced.htm" />
   <mapid target="profile_tracing" url="n8ahelpGeneral_Tracing.htm" />
   <mapid target="profile_routing" url="n8ahelpgeneral_routing.htm" />
   <mapid target="listener_log" url="n8ahelpGeneral_Parameters_Logging__Trac.htm" />
   <mapid target="listener_gen" url="n8ahelpgeneral_parameters_general.htm" />
   <mapid target="listener_authentication" url="n8ahelpGeneral_Parameters_Authenticatio.htm" />
   <mapid target="profile_logging" url="n8ahelpGeneral_Logging.htm" />
   <mapid target="profile_accessrts" url="n8ahelpGeneral_Access_Rights.htm" />
   <mapid target="dir_authenticat" url="n8ahelpdirectory_server_authentication_.htm" />
   <mapid target="profile_integrity" url="n8ahelpOracle_Advanced_Security_Integri.htm" />
   <mapid target="listener_services" url="n8ahelpdatabase_services.htm" />
   <mapid target="n8ahelpinstance" url="n8ahelpinstance.htm" />
   <mapid target="listener_loc" url="n8ahelpListening_Locations.htm" />
   <mapid target="n8ahelpRejected" url="n8ahelpRejected.htm" />
   <mapid target="listener_oservices" url="n8ahelpOther_Services.htm" />
   <mapid target="n8ahelpOracle_Advanced_Security_SSL" url="n8ahelpOracle_Advanced_Security_SSL.htm" />
   <mapid target="profile_otherparams" url="n8ahelpOracle_Advanced_Security_Other_P.htm" />
   <mapid target="n8ahelpListener_Configuration_Overview" url="n8ahelplistener_configuration_overview.htm" />
   <mapid target="nmhelp_create_net_service_alias" url="nmhelp_create_net_service_alias.htm" />
   <mapid target="nmhelp_easyconnect" url="nmhelp_easyconnect.htm" />
   <mapid target="profile_ssl" url="n8ahelpssl_profile.htm" />
   <mapid target="attributes" url="n8ahelpService_Identification.htm" />
   <mapid target="n8ahelpRecommended_Port_Numbers" url="n8ahelpRecommended_Port_Numbers.htm" />
   <mapid target="alias_details" url="nmhelp_net_service_alias_details.htm" />
   <mapid target="n8ahelpshared_server" url="n8ahelppooled_server.htm" />
   <mapid target="n8ahelpOracle_Enterprise_Manager" url="n8ahelpOracle_Enterprise_Manager.htm" />
   <mapid target="n8ahelpNTS" url="n8ahelpnts.htm" />
   <mapid target="n8ahelpListener_Overview" url="n8ahelplistener_overview.htm" />
</map>
